// Jest Snapshot v1, https://goo.gl/fbAQLP

exports[`SurveyTable component should match the SurveyTable 1`] = `
<MenuList
  className=""
  identifier="survey"
  items={
    Array [
      Object {
        "id": "foo",
        "parentId": "root",
      },
      Object {
        "id": "bar",
        "parentId": "root",
      },
    ]
  }
  onMenuItemClick={undefined}
  phaseId="phaseFoo"
/>
`;
