// Jest Snapshot v1, https://goo.gl/fbAQLP

exports[`Post component should render a PostView component and pass its props to it 1`] = `
<div
  className="posts"
  id="XYZ333"
>
  <PostView
    body="I'll bypass the online CSS bus, that should firewall the SAS monitor!"
    borderLeftColor="red"
    contentLocale="fr"
    creationDate="11/11/2011"
    data={
      Object {
        "post": Object {
          "attachments": Array [],
          "bodyEntries": Array [
            Object {
              "localeCode": "en",
              "value": "I'll bypass the online CSS bus, that should firewall the SAS monitor!",
            },
          ],
          "bodyMimeType": "text/html",
          "creator": Object {
            "displayName": "Dannie Treutel",
            "userId": "dannietreutel",
          },
          "dbId": 124,
          "extracts": Array [],
          "id": "XYZ333",
          "modified": true,
          "mySentiment": "like",
          "publicationState": "PUBLISHED",
          "sentimentCounts": 3,
          "subjectEntries": Array [
            Object {
              "localeCode": "en",
              "value": "We need to hack the solid state HTTP alarm!",
            },
          ],
        },
      }
    }
    debateData={
      Object {
        "translationEnabled": true,
      }
    }
    editable={true}
    fullLevel="0"
    handleEditClick={[Function]}
    id="XYZ333"
    ideaId="ABC123"
    identifier="thread"
    indirectIdeaContentLinks={
      Array [
        Object {
          "idea": Object {
            "id": "foo",
            "title": "Foo",
          },
        },
      ]
    }
    isHarvesting={false}
    lang="fr"
    level={1}
    modifiedSubject={
      <span>
        <span
          className="subject-prefix"
        >
          Rep. 1: 
        </span>
        We need to hack the solid state HTTP alarm!
      </span>
    }
    multiColumns={false}
    nuggetsManager={null}
    numChildren={3}
    originalLocale="fr"
    phaseId="DEF345"
    publicationState="PUBLISHED"
    refetchIdea={[Function]}
    routerParams={
      Object {
        "phase": "thread",
        "slug": "/debate/thread/XYZ333",
        "themeId": "VVV999",
      }
    }
    rowIndex={0}
    subject="We need to hack the solid state HTTP alarm!"
    timeline={Array []}
  />
</div>
`;

exports[`Post component should render a deleted post 1`] = `
<DeletedPost
  deletedBy="user"
  id={undefined}
  subject={
    <span>
      We need to hack the solid state HTTP alarm!
    </span>
  }
/>
`;
