// Jest Snapshot v1, https://goo.gl/fbAQLP

exports[`tokenTypeForm component should render a TokenCategoryForm component 1`] = `
<div
  className="token-type-form"
  id="type-form-1"
>
  <Translate
    number={2}
    value="administration.token"
  />
  <div
    className="margin-m"
  >
    <FormControlWithLabel
      componentClass={undefined}
      disabled={undefined}
      formControlProps={undefined}
      helperText=""
      helperUrl=""
      id="token-title-1"
      label="Token title"
      labelAlwaysVisible={false}
      name={undefined}
      onChange={[Function]}
      required={true}
      type="text"
      validationErrors={undefined}
      value="En faveur"
    />
    <FormControlWithLabel
      componentClass={undefined}
      disabled={undefined}
      formControlProps={
        Object {
          "min": "1",
        }
      }
      helperText=""
      helperUrl=""
      id="token-number-1"
      label="Number of tokens per participant"
      labelAlwaysVisible={false}
      name={undefined}
      onChange={[Function]}
      required={true}
      type="number"
      validationErrors={undefined}
      value="12"
    />
    <label
      htmlFor="color-picker-1"
    >
      Color of the token
    </label>
    <ColorPicker
      className="no-box-shadow"
      color="#00AA7B"
      colors={
        Array [
          "#B8E986",
          "#00AA7B",
          "#FCB900",
          "#FF6900",
          "#8646ED",
          "#FF82BE",
          "#00DCFF",
          "#1652C1",
          "#EB144C",
          "#000000",
        ]
      }
      id="color-picker-1"
      onChange={[Function]}
      triangle="hide"
      width="100%"
    />
  </div>
  <div
    className="separator"
  />
</div>
`;
